// Jest Snapshot v1, https://goo.gl/fbAQLP

exports[`kosko generate --preprod 1`] = `
"---
apiVersion: v1
kind: Namespace
metadata:
  annotations:
    field.cattle.io/creatorId: github
    field.cattle.io/projectId: c-gjtkk:p-m77bc
    git/branch: v1.2.3
    git/remote: >-
      https://gitlab-ci-token:[MASKED]@gitlab.factory.social.gouv.fr/SocialGouv/tumeplay.git
    app.gitlab.com/app: socialgouv-tumeplay
    app.gitlab.com/env: preprod-dev42
    app.gitlab.com/env.name: preprod-dev42
  labels:
    azure-pg-admin-user: tumeplay
    application: v1-2-3-tumeplay
    owner: tumeplay
    team: tumeplay
    cert: wildcard
  name: tumeplay-85-preprod-dev42
---
apiVersion: apps/v1
kind: Deployment
metadata:
  annotations:
    kapp.k14s.io/disable-default-ownership-label-rules: ''
    kapp.k14s.io/disable-default-label-scoping-rules: ''
    app.gitlab.com/app: socialgouv-tumeplay
    app.gitlab.com/env: preprod-dev42
    app.gitlab.com/env.name: preprod-dev42
  labels:
    app: tumeplay-backend
    application: v1-2-3-tumeplay
    owner: tumeplay
    team: tumeplay
    cert: wildcard
  name: tumeplay-backend
  namespace: tumeplay-85-preprod-dev42
spec:
  replicas: 1
  selector:
    matchLabels:
      app: tumeplay-backend
  template:
    metadata:
      annotations:
        kapp.k14s.io/disable-default-ownership-label-rules: ''
        kapp.k14s.io/disable-default-label-scoping-rules: ''
        app.gitlab.com/app: socialgouv-tumeplay
        app.gitlab.com/env: preprod-dev42
        app.gitlab.com/env.name: preprod-dev42
      labels:
        app: tumeplay-backend
        application: v1-2-3-tumeplay
        owner: tumeplay
        team: tumeplay
        cert: wildcard
    spec:
      containers:
        - image: ghcr.io/socialgouv/tumeplay/backend:sha-undefined
          livenessProbe:
            httpGet:
              path: /_health
              port: http
            initialDelaySeconds: 30
          name: tumeplay-backend
          ports:
            - containerPort: 1337
              name: http
          readinessProbe:
            httpGet:
              path: /_health
              port: http
            initialDelaySeconds: 30
          resources:
            limits:
              cpu: 500m
              memory: 1280Mi
            requests:
              cpu: 100m
              memory: 128Mi
          startupProbe:
            httpGet:
              path: /_health
              port: http
            initialDelaySeconds: 30
          envFrom:
            - secretRef:
                name: azure-pg-user
      initContainers:
        - env:
            - name: WAIT_FOR_RETRIES
              value: '24'
          envFrom:
            - secretRef:
                name: azure-pg-user
          image: ghcr.io/socialgouv/docker/wait-for-postgres:6.26.2
          imagePullPolicy: Always
          name: wait-for-postgres
          resources:
            limits:
              cpu: 20m
              memory: 32Mi
            requests:
              cpu: 5m
              memory: 16Mi
---
apiVersion: v1
kind: Service
metadata:
  labels:
    app: tumeplay-backend
    application: v1-2-3-tumeplay
    owner: tumeplay
    team: tumeplay
    cert: wildcard
  name: tumeplay-backend
  annotations:
    kapp.k14s.io/disable-default-ownership-label-rules: ''
    kapp.k14s.io/disable-default-label-scoping-rules: ''
    app.gitlab.com/app: socialgouv-tumeplay
    app.gitlab.com/env: preprod-dev42
    app.gitlab.com/env.name: preprod-dev42
  namespace: tumeplay-85-preprod-dev42
spec:
  ports:
    - name: http
      port: 80
      targetPort: 1337
  selector:
    app: tumeplay-backend
  type: ClusterIP
---
apiVersion: extensions/v1beta1
kind: Ingress
metadata:
  annotations:
    kubernetes.io/ingress.class: nginx
    kapp.k14s.io/disable-default-ownership-label-rules: ''
    kapp.k14s.io/disable-default-label-scoping-rules: ''
    app.gitlab.com/app: socialgouv-tumeplay
    app.gitlab.com/env: preprod-dev42
    app.gitlab.com/env.name: preprod-dev42
  labels:
    app: tumeplay-backend
    application: v1-2-3-tumeplay
    owner: tumeplay
    team: tumeplay
    cert: wildcard
  name: tumeplay-backend
  namespace: tumeplay-85-preprod-dev42
spec:
  rules:
    - host: preprod-tumeplay.dev42.fabrique.social.gouv.fr
      http:
        paths:
          - backend:
              serviceName: tumeplay-backend
              servicePort: 80
            path: /
  tls:
    - hosts:
        - preprod-tumeplay.dev42.fabrique.social.gouv.fr
      secretName: wildcard-crt
---
apiVersion: bitnami.com/v1alpha1
kind: SealedSecret
metadata:
  annotations:
    sealedsecrets.bitnami.com/cluster-wide: 'true'
    app.gitlab.com/app: socialgouv-tumeplay
    app.gitlab.com/env: preprod-dev42
    app.gitlab.com/env.name: preprod-dev42
  name: azure-pg-user
  namespace: tumeplay-85-preprod-dev42
  labels:
    application: v1-2-3-tumeplay
    owner: tumeplay
    team: tumeplay
    cert: wildcard
spec:
  encryptedData:
    PGDATABASE: >-
      AgCXbLPB7nz/14So8gZElfiUub9mUyl7TDht+cf11OLUS4CNfS+qZfktqn8LmWy34NdapVgdmP+j2yM33WQj2KIBcrGxfskN5KXaobqCOk+xwPT5NZYm6fLyc8ssn8nQB8MMNCrS29z8GWB4jA0c5ZX8jaTUJ7BJP7nESc48wzgpAlD27V74yjI6cfnuSpEH2mjwttU/ar5jO2R8J9z+ebCYGgd0uqJ0oGwCdFOcqZ1cuNVuK2Nrl1cQ2ib9yImI1Dab1eBTr98DDplNYpxA+JStfgCkQqhqIA1xA6udj31viOUGZ4xKpDF55EQvlBUJ9wQPUJEu3aSolp+XvGkow+67fRGTK+RviAsz712HwPotu7WbwTCdQlOg6RoHUCKQL/uQ7namHUbnJgZAdX8lmPCX5xoPD24zbloHAk3iCIa/z09orvQ72vGafI6UEvCr/tZAgRh8R4dL1yDnt4DCysuhgh06aBCS7NnRTw7n1LUplfyAUFOpQKes6AlPyy8mMh+zAMkfaZuKcuQ0QTpwSXL1+vBQHGrqXKpvdnnT7LjG88yxKX7NnsSIigMLGaatl//92AWrafXiMaXVnSjWEb7v6BtZk/uN61ttEobMIj/+oJxb4K8jevLZ/KRuAYa/tMiiMOK87zAkvWBSoxbQM3xxeUCRr/EtHMknYrMMxHOozmc0MoXyjs0bYWyeKgN1WcZ4G3a17xDf
    PGHOST: >-
      AgAmVbsZ12UutEBTOgTGh+r8Oj0cQYpShT4F8OwkL9PSpw29NHEyHtfhYDrlL7Y79fe7omjeg4M2wiLpS9LjheZTxlyGxb8EQng+LSTyShOaAVPmAAmq7QaFEx+uu/hb9rNVw8ogC/LXz7EczRRPTPu3X7mVGJ3ABXvcS5Bfje1BJ33jqs8nhQczTTF1ikwFNPfhpjbsdyCC/oQyROsuwpv6OcKVBadULKOMKsZNLWwOCWoxxoL66XzkZVlj2dIVBV+EQfbGemOQN8Nvvr3R3p0Be9mLGB17EZditRYNg/azqH02VOilf92YXgM9gXKhdSt6J48pMw1HweHxxzcA2pUoPQWBmt1nRPRDxMxpejSfCJi5cVSuf73qlsqvbxtBodTZTBI8RT7ae4PhlL7lhAhVLUGmjUCao+HePc4CivV6dKp/qAiZVnlPDAOCCcHuikgBN8jTOB/EAWF4gF95aa6hl4OdMIbBqFGLzXxqo1bNXcehbrmQgSiysZyhnJINtcPfCgP+eHM27S8gsSITWarQ7maHlQM++ctI9dDObYO5jcCuJdJMyhDrp+TAmDupGaq3LGKrCtPuSR/NBuGf2PJxrbszpFlYvHKAbxtapJZ8/awGOcu9Z46dzcNObsZNISS5ji+M8CTwyuSkjnpQSBqgRjhNOzFEOMKTXyrjJmQyfdrkb4tyotp8/ytcuFM/S9foj6cDQifKon9pK9Oz2/zKk7sEvKbvbC1YmOXBlPL9qvELqKgrinvAPfwbUSs=
    PGPASSWORD: >-
      AgBbPNTdgw59P52pRoADz/yHRft5p/n5nu9SJ83/z0BxSEqBpuDuhGgaIcHKyerC63URqqqgGjSEg9QDHYdl+iTsNjZAzzFPqXJokCOCro7LTSnlgFzmMcK+FY6ilYrItZQypmw/ZTODEX4wQQ4uXEgLEhtP/6vBWideVniCClZVkbC2/XYoX2tZ1yLwsmYU7PWyY1xaTPeJL6D49NfBxSogNOA7zTtSuw6YiK4tFZ5bgY3PJJh/8b/nQQlOqG3hEfPn3CyrxkhiWnQjmzKaP+2Fp3Cp+LZdDjMEf+GHvu9f6YAov7E7NM2GdroNBeBbAVHHMprUFoOki28WQk4pXACwafxP+ydbHL9o37uzbZUwTi/itZEMRBCBgrrECAGBMECfbj8fZHepEzLr6GwEvXpdD3TSxRDQSuqE8dZV7DnhTfSgemq5sDFx76uPl10oajdJkSHrIMio2NHmxjKWNFH6rPTzKkaPtZzNmFEA6nZfpUFpycsMZtPb82dojH43WbkAM/xOzpioYIIn/xzWCMLL6yinoNMQZ0pTHYqb4iOGdb1e1ydaBxdCg/Yp8pLIJqhlsopqIEGWxLr+x0+OB2u9tHe2uukN8qVGKeV1dWJEcyHNDFFB5XLJgrmc3FBMwvIwnlYgpZBrhFHS95AEc/VjiRZvHiHXztPWvKPfwG69vgO7SgG7+5Fv6Rsl+Cr6Hf31E8Vkj5OfyjdPOb8xYx4jWZYk9iiv5ZmcU1iDhIGtWTfnSO7zOCG2
    PGUSER: >-
      AgBLO/943ixb7V2qCc+c3VoLsvJRwlnWeFapDcbn/9eJXm7n58fNrdyjCBkHwH/DmPUMXb+1GUXtqXNuSEVJUxwacC/vqG9qC7z7EAg6ZNcq+AsAcoG801HYS6/7JstCg7SuySeb64V5MElT3j1xhp3PfVZWT1/EQRrmqWOHsbCjXtfC5+Fk6+Ty9/YY/Ou3hbJCB911kzoflBsIdylZI+e7RTmS3g3mLcx//cj3qSuF+SXw0rEshXh4zbbeUiYLXRvV39bT/MjK2RNg3mrvGiqKkWNBRDpFcYsAyvgwaQ5YPscC/0AAfhiG1A8VQeLVSNram2YGedAiba7iYk3QULr9udnwc2WU8uQgJvfTZ0nt85EkOD/hnfFf6XPyrddn5R70ciRWf6gjiS+hRLKh9/Yk7HBT1T6Zj54034STeSuInlBeWercoeKB/9loyepYqpA+S42CKhhkt0Si2Mbly6BbsFFlaLXvkPfhCEnYXiziBkmlbTAVK1CfTzbsn8awCyTsr1UZDN7mEKXMdTYcK49NQxDSx3+gx9p6y1VvAMobBSZBLblcyolEemi3C13HmKX4h7N+AUeeg+Xbq4k2/C+U44YK1+m1ZQvZXYX53EJ0Ybqn3qBteCSmlScDKHemGhdJyhoyuqQXUqW657w65lxb1UeuDiWGsEnWt0msw32xbQ37LaZuvO0V9D9OaZa6h+L0DHjFDvcWNHZGXlvfS9taB8q7m9W13VlC
    PGSSLMODE: >-
      AgBr3B8ed028Z7RK0ecnXM6safRBnV66p32EJS+f8D0L4Kmxmk/bgNO+MuAp+K0RKvgMS+rUxtQsSK9VAGlvMDHHHHU7PiSkcxfhPRlWpgjZu21B7PgC9J30cvu/ux4R4TodHCHePkput3yU5SsSnA4ITpugrXeoY1eQl3fE239ScyEcqNvfpcC9uff1QyUSwkJN96Jogr2mPB9f7+u3yBLkVPLZPr8mQKBAUrXf0KZf12uKhT0Zt+QOmFn6/IMILjqSwgiZxYTn0TG3RBsEWFCitOlEM6nPohrIHQO7unXGJdpROwJZxuNxsLMHsVS9e1dWOssV+7rO2bPAtZU0lMW2lhR06QZ/w7jJyYYDPP6hW/ejwtMxPLBn334Kkw1iyIB+L9EoLdmJttKWxyZY7w1YUabu4d1Caemvd5WtGcc2WGNoZSQ4elKGlZNZEn0Bt0ElchotbnG236iiVhbPbVPfgYYM5b+tWfqCL7eVib7I8+4jjxzB9+NC58Ao4odkBg3G0Om7u3heBsLHT3w857neI5hwE0C+/Gr1k/4r+j70FdW9ieJ0HmacWzqdBA2QAEC1aNl95grBXP3J8ZFP7B44QaIETKxL11sASI12VKttk3kPZzCkU+b8W3ZZVhtPU1LI6rPNBvdHluCeOC6Djc/Y1AUdbOAq5IU0LYr/wja6xiOrRkw4vBsLaNrkaVnDUsZCernn6c/E
  template:
    metadata:
      annotations:
        sealedsecrets.bitnami.com/cluster-wide: 'true'
        app.gitlab.com/app: socialgouv-tumeplay
        app.gitlab.com/env: preprod-dev42
        app.gitlab.com/env.name: preprod-dev42
      name: azure-pg-user
      labels:
        application: v1-2-3-tumeplay
        owner: tumeplay
        team: tumeplay
        cert: wildcard
    type: Opaque
"
`;
