// Jest Snapshot v1, https://goo.gl/fbAQLP

exports[`kosko generate --preprod 1`] = `
"---
apiVersion: apps/v1
kind: Deployment
metadata:
  annotations:
    kapp.k14s.io/disable-default-ownership-label-rules: ''
    kapp.k14s.io/disable-default-label-scoping-rules: ''
    app.github.com/job: '5678'
    app.github.com/ref: refs/tags/v1.2.3
    app.github.com/repo: socialgouv/tumeplay
    app.github.com/run: '1234'
    app.github.com/sha: '0123456'
  labels:
    app: backend
    application: tumeplay
    owner: tumeplay
    team: tumeplay
    cert: wildcard
  name: backend
  namespace: tumeplay-preprod
spec:
  replicas: 1
  selector:
    matchLabels:
      app: backend
  template:
    metadata:
      annotations:
        kapp.k14s.io/disable-default-ownership-label-rules: ''
        kapp.k14s.io/disable-default-label-scoping-rules: ''
        app.github.com/job: '5678'
        app.github.com/ref: refs/tags/v1.2.3
        app.github.com/repo: socialgouv/tumeplay
        app.github.com/run: '1234'
        app.github.com/sha: '0123456'
      labels:
        app: backend
        application: tumeplay
        owner: tumeplay
        team: tumeplay
        cert: wildcard
    spec:
      containers:
        - image: ghcr.io/socialgouv/tumeplay/backend:1.2.3
          livenessProbe:
            httpGet:
              path: /_health
              port: http
            initialDelaySeconds: 30
          name: backend
          ports:
            - containerPort: 1337
              name: http
          readinessProbe:
            httpGet:
              path: /_health
              port: http
            initialDelaySeconds: 30
          resources:
            requests:
              cpu: 300m
              memory: 256Mi
            limits:
              cpu: '1'
              memory: 1Gi
          startupProbe:
            httpGet:
              path: /_health
              port: http
            initialDelaySeconds: 30
          volumeMounts:
            - mountPath: /public/uploads
              name: uploads
          envFrom:
            - secretRef:
                name: azure-pg-user
            - secretRef:
                name: backend-sealed-secret
          env:
            - name: DATABASE_CLIENT
              value: postgres
            - name: DATABASE_NAME
              value: $(PGDATABASE)
            - name: DATABASE_HOST
              value: $(PGHOST)
            - name: DATABASE_PORT
              value: $(PGPORT)
            - name: DATABASE_USERNAME
              value: $(PGUSER)
            - name: DATABASE_PASSWORD
              value: $(PGPASSWORD)
            - name: DATABASE_SSL
              value: 'true'
      volumes:
        - persistentVolumeClaim:
            claimName: uploads
          name: uploads
      initContainers:
        - env:
            - name: WAIT_FOR_RETRIES
              value: '24'
          envFrom:
            - secretRef:
                name: azure-pg-user
          image: ghcr.io/socialgouv/docker/wait-for-postgres:6.38.3
          imagePullPolicy: Always
          name: wait-for-postgres
          resources:
            limits:
              cpu: 20m
              memory: 32Mi
            requests:
              cpu: 5m
              memory: 16Mi
---
apiVersion: bitnami.com/v1alpha1
kind: SealedSecret
metadata:
  annotations:
    sealedsecrets.bitnami.com/cluster-wide: 'true'
    kapp.k14s.io/disable-default-ownership-label-rules: ''
    kapp.k14s.io/disable-default-label-scoping-rules: ''
    app.github.com/job: '5678'
    app.github.com/ref: refs/tags/v1.2.3
    app.github.com/repo: socialgouv/tumeplay
    app.github.com/run: '1234'
    app.github.com/sha: '0123456'
  name: backend-sealed-secret
  namespace: tumeplay-preprod
  labels:
    application: tumeplay
    owner: tumeplay
    team: tumeplay
    cert: wildcard
spec:
  encryptedData:
    MONDIALRELAY_ID: >-
      AgAz9JdtIfgkfidvertLR0C31Scs6N+7NNQRTL7UTv08gaUCaJntsmXFyoqHJ2jfhmJP+69dQEzFYNIcQsA2Vn+Ow60hBEy2wqe3smPaF7mJ9AfzT7M8SRpWr0BdbjqFOTi1GeOXyP4ftze4GMDyfymuVRTJNrlcu29oHx9KeOsfj2BfUtFsXpgCKzEhRX6IwmNmxgnxgvFrmNjGru3foFFg1YiyxlcEWU2yEA0YNBhzOzgTIihO2C5go0sosnN4sbbvSjcQwPRXiCKS8a5V3khLxwEldNPJ3f9qbzsOAstjHRY8Kii24BbH8VEl1n9OmMzQuspbypahu/OB8//Yo22fNXkboOhiIo04aOKd8P/MIVGu5T/My3XNs9TlwIg3pb+IdCFFfIputul69zVXIxc2SaCoehTyxGjOTS6A/7XKONMIH6DwLSF3cZH0+eko0MOj6qWum8oo1TnjEqpefsoy3CtJwE1QaQMMuXrtHXr7ouCrciBEV14KJ8po6KZt6f/0c/aUtGZ11fs72itLKnAeHTmckGmdlwMhOqHRDKHJst1cg7t4442lT8Rpe5t9EbJsM6NuwuANBM/yeGkJfiQE8iBP/Yd8V9oC0cG/YtheHUQR0B8sl9gjLHuyFnVsxaHGup7syx6aoDZjROJPmPX2q8d+t3KvMj5hLnTa7hajWoMXKxcjDWsRtEJ2OwKtRJcWjEiv6rPDWA==
    MONDIALRELAY_SECRET: >-
      AgASPNoKX1kGsiMJ6IAIjMLqZd5bJChvD9WsQ1lyPXlafekXpLqTuxpy65fvX/bDLaI8sFGXNPcSJJFaJrYiqH+Z3HNUAFf3M2/qePHsT7iOrulDd/TfHDMe8zBvuFEk00tpnRinqBryFP/iyh4z7Teo47ZVY9IePZ+h4CRRFFiJPg5vgXBpm76lUymICwS10hFQK9Md2biLELcz7PaClYZCT+D2GaIgotOeAjCsn6AmEKKBYGiKE8F/IMwxBs6CC4RqHWpu9h37FZ+4Qj3idqSyt59DvPsgA5+4HoSgC2LmmKuKbGacl7IReasixWoLuj/qZX10zm3seDlKvoLGnEdqNCnYhI/j3gk91VraA1Q4ygAXHi1yk2k1hUuDpZ+rTuwX4cxxw/u0FX754XLDVcSQcTVJcJjnXeqdhkifYhd2dJ43XOJsUK9tbAK8Zv6Q/pLSQpCCza8mW9nnDRPO0j0XVAVgxtLjL3NxM951TnPqX/To+tXTkF0BEk4jCyqBM0ZiubJG1seh+hDlYBZnjJk1C0jLV3toq7LG3rbOfj68eoj9NiwUkg5l5S5N4MY4wbWP+SMAMWRxp97K+YRBf7fgs/fkmjwU6S1hWKw4O4YQ3a2OJQ8sHjMokGZ6NnIuY2amz3UvQPz30aPwNrGriRpYQ33z4NiaJCciuqfuu8wP8Tqy5QXKXZpBUh2QJ0Iyky+Dh/iQ/TKJpA==
    EMAIL_PROVIDER_PASSWORD: >-
      AgCrXbbOblH9MU4PZ7Gs2dmH/DwJXueYw5ni201kkZmzS2NtCHglK5fdHT3sHEjrSkiMHd5aAePv5ijmel+FHyTpn4rM706KZb6csZLbK6EFSUyAZQe6yO+ivvshBaZNZjEytu+cRna/f1ikMOhM4dsrz39eFNE5eF7mkf3mqVKACQB6oMQaoqBaFqc9EXkkbRph4MOibsNDHvGwwCPjbfXo0VSJlLo3fMyKwG+d2GCElFDLfPDK7zHkK5Il5e2dF9HkIn8iJWpzzLpKin9DkQ7CKyghARwVALn/uYi2pWDM+3xxfp7gjaLMG/z0x/+8hjTbfV0djG5NmlODjsHybOpzr6238UdThxxfjfteC9L5MTfyu4Lc/6zDvTDd+Q+aHIeWNhsdSe7rZlqj4s4731QDw5YbZvfhYoxok4Q/dtiWgsya+17QMvZl2n42BAYRBB7spYaVCmpoTqXhSjv96Jy2m4al33ZD9WeMAsWs1n91j4NUZiECl4J07Y/OS3IgX5wahgOq78kwZBw8HAb8GMSPuaZM4aTByg+ABG2ibblTr3GGpPTE/2zB2Ya6mx0zTFjj/BniruIBSRQz7m2tRpY3f95Ll0QBtL1Kl3xObByHC9qNZlW2p7z6uAIN3FXpW0vVS1OMEhaMGyafDbpofoVNrtH+TQnpdEA8R1zd9DNeNqb/J74Wr/9Bsa0gbvMAfLwVb7kqwCBwqAsAOg==
  template:
    metadata:
      annotations:
        sealedsecrets.bitnami.com/cluster-wide: 'true'
        kapp.k14s.io/disable-default-ownership-label-rules: ''
        kapp.k14s.io/disable-default-label-scoping-rules: ''
        app.github.com/job: '5678'
        app.github.com/ref: refs/tags/v1.2.3
        app.github.com/repo: socialgouv/tumeplay
        app.github.com/run: '1234'
        app.github.com/sha: '0123456'
      name: backend-sealed-secret
      labels:
        application: tumeplay
        owner: tumeplay
        team: tumeplay
        cert: wildcard
    type: Opaque
---
apiVersion: v1
kind: Service
metadata:
  labels:
    app: backend
    application: tumeplay
    owner: tumeplay
    team: tumeplay
    cert: wildcard
  name: backend
  annotations:
    kapp.k14s.io/disable-default-ownership-label-rules: ''
    kapp.k14s.io/disable-default-label-scoping-rules: ''
    app.github.com/job: '5678'
    app.github.com/ref: refs/tags/v1.2.3
    app.github.com/repo: socialgouv/tumeplay
    app.github.com/run: '1234'
    app.github.com/sha: '0123456'
  namespace: tumeplay-preprod
spec:
  ports:
    - name: http
      port: 80
      targetPort: 1337
  selector:
    app: backend
  type: ClusterIP
---
apiVersion: networking.k8s.io/v1
kind: Ingress
metadata:
  annotations:
    kubernetes.io/ingress.class: nginx
    kapp.k14s.io/disable-default-ownership-label-rules: ''
    kapp.k14s.io/disable-default-label-scoping-rules: ''
    app.github.com/job: '5678'
    app.github.com/ref: refs/tags/v1.2.3
    app.github.com/repo: socialgouv/tumeplay
    app.github.com/run: '1234'
    app.github.com/sha: '0123456'
  labels:
    app: backend
    application: tumeplay
    owner: tumeplay
    team: tumeplay
    cert: wildcard
  name: backend
  namespace: tumeplay-preprod
spec:
  rules:
    - host: backend-tumeplay-preprod.dev2.fabrique.social.gouv.fr
      http:
        paths:
          - backend:
              service:
                name: backend
                port:
                  name: http
            path: /
            pathType: Prefix
  tls:
    - hosts:
        - backend-tumeplay-preprod.dev2.fabrique.social.gouv.fr
      secretName: wildcard-crt
---
apiVersion: bitnami.com/v1alpha1
kind: SealedSecret
metadata:
  name: azure-tumeplay-volume
  namespace: tumeplay-preprod
  annotations:
    sealedsecrets.bitnami.com/cluster-wide: 'true'
spec:
  encryptedData:
    azurestorageaccountkey: >-
      AgBYqr7RQT4skI889tjK4pDC88Fg+kmWM3h7Ixdkp/h4Rv2V5AiUu1QR/heh9pQwgxej3sqN5KdPfQoaB5fBOPmTXwqWstWPEFtrJgZ5T972mFoRvhlUF38HixCZDAYRKCeOE6R+rfdSPymrubNorEPvn960iFluyLfGrayIMQpgIEYWbnv52NFNevMo8+txnjvYh6uEvV/7tXi4/ii8KFTgP87qSW2fIrm7G25zldfBZPhZvuhWiC8zgX+ZJYv96Ww2FGj2kpLOCgO/vwExMzrq8gTkj6alh2nk/nyqGtoSumJydwNXffTnJjV3+BxaLlVKJTxY9pJwxJKwOeGfQkw0jVp1J96KUh4xLLTkrU3cCQAkhEnEb5zsz9bAkqFdahDIby+3A2u//XmzZTufeATWrKDXAAdoKmPUpIogw6llSyE4+7VzCWkr2RaTAcX4Uz4MfyAslM6UaiboVO9zECAiEuxLMYQlr2q1cVdH9hcVfhX9ls+B9wAEOSCOqSJ9O3GIGBRUjxphJKYqR3xbvujapMpiEsjqgvMtN2rEQjPbRG7BmcuNXt43L0MSeG73o2BtjxczOKCR9ouB5RXvYeKmWmtcU6ifB8BGQ84bnhA+jJrMAfrpK82TMNIgiIiQ1Djon8FczRV32kXTIGtAiCgJ+CPikqggIw2S6SodGYeD7CAUaV8dgFHKcTVF8SsiSUPEubVImoxcJLYKFj8lNY2+Ipyo+ar/51dnNLDC1e8yduZOktRqcqMsD22UhSXD7xmPbqK/AAO/4kdsEVUyTTXnxsQh4aScw/C1lP0rNUCfbsizHhavfnOR
    azurestorageaccountname: >-
      AgCo0eST34J1wpgOsWQfCL9LoWAsQxScI3A38zfj/FxVIAIkXz8Ldm+TiU4Q9T2QbPjma8hruyCVBgksz88G6+OPdFFDFiNmeURblxq2VdG1JRWo7Q90jl5hKMVel+cMw1pm6sKfYtU2kD12ZWZd/fghDQDF4kAa9RhgBSWckwBQS0g0bvoRnzWBFQuM3NBRI3bGngQJyEMYc1ZD9cL9CPvh6MerHzsw7C0j9TD5qVh4RCOZ54uGrtyJzTnikaCCDJuP7VfUZcEhCin5wMK0uk1PtWQxHBzyiS2uBGCoI4iiumEj7z8EeZz7R5G8F2/Z0Fa3CYYZoHAX6x/eme6mFPN3hOnLVpWf6KzM8TSJLCFuBe6bPZsy2FSwVpuaHZgPHy/HKioQOmUUC/7ySn6Buecy1OSXwxlslRmhyfmEOAbNJ6jhGO31akX7HbBJ6p5y1CLwKFYMLLywDZDYIxxMpEEYru3ljeo4/NfA0J9NLQ9knrmabBJDVIX3mlkPfG5mPMiTj/DPhPymChTFWTJyzzh06CE6PiCuj0/VaN/GlDmU4vPy9YO0CZDXU1neOZ/9Cus+oznIKxOf2xsSilaHtHiqR5jYHyizoACiwpdIfNjdxG78CH0xrc0NoelUp0VEFkvV8GLh0jvvoD7h2J1ROHsNf5eFPqYhpIBBe2uVskGzDIrUaGU2tYm9lcfSNAihjva3LE+sEyEGbx6xdg==
  template:
    metadata:
      annotations:
        sealedsecrets.bitnami.com/cluster-wide: 'true'
      name: azure-tumeplay-volume
      namespace: tumeplay-preprod
    type: Opaque
---
apiVersion: v1
kind: PersistentVolumeClaim
metadata:
  name: uploads
  annotations:
    app.github.com/job: '5678'
    app.github.com/ref: refs/tags/v1.2.3
    app.github.com/repo: socialgouv/tumeplay
    app.github.com/run: '1234'
    app.github.com/sha: '0123456'
  labels:
    application: tumeplay
    owner: tumeplay
    team: tumeplay
    cert: wildcard
  namespace: tumeplay-preprod
spec:
  accessModes:
    - ReadWriteMany
  resources:
    requests:
      storage: 5Gi
  selector:
    matchLabels:
      usage: tumeplay-uploads
  storageClassName: ''
---
apiVersion: v1
kind: PersistentVolume
metadata:
  labels:
    usage: tumeplay-uploads
    application: tumeplay
    owner: tumeplay
    team: tumeplay
    cert: wildcard
  name: tumeplay-uploads
  annotations:
    app.github.com/job: '5678'
    app.github.com/ref: refs/tags/v1.2.3
    app.github.com/repo: socialgouv/tumeplay
    app.github.com/run: '1234'
    app.github.com/sha: '0123456'
  namespace: tumeplay-preprod
spec:
  accessModes:
    - ReadWriteMany
  azureFile:
    secretName: azure-tumeplay-volume
    secretNamespace: tumeplay-preprod
    shareName: uploads
  capacity:
    storage: 5Gi
  persistentVolumeReclaimPolicy: Delete
  storageClassName: ''
---
apiVersion: apps/v1
kind: Deployment
metadata:
  annotations:
    kapp.k14s.io/disable-default-ownership-label-rules: ''
    kapp.k14s.io/disable-default-label-scoping-rules: ''
    app.github.com/job: '5678'
    app.github.com/ref: refs/tags/v1.2.3
    app.github.com/repo: socialgouv/tumeplay
    app.github.com/run: '1234'
    app.github.com/sha: '0123456'
  labels:
    app: guyane
    application: tumeplay
    owner: tumeplay
    team: tumeplay
    cert: wildcard
    component: nginx
  name: guyane
  namespace: tumeplay-preprod
spec:
  replicas: 1
  selector:
    matchLabels:
      app: guyane
  template:
    metadata:
      annotations:
        kapp.k14s.io/disable-default-ownership-label-rules: ''
        kapp.k14s.io/disable-default-label-scoping-rules: ''
        app.github.com/job: '5678'
        app.github.com/ref: refs/tags/v1.2.3
        app.github.com/repo: socialgouv/tumeplay
        app.github.com/run: '1234'
        app.github.com/sha: '0123456'
      labels:
        app: guyane
        application: tumeplay
        owner: tumeplay
        team: tumeplay
        cert: wildcard
        component: nginx
    spec:
      containers:
        - image: ghcr.io/socialgouv/tumeplay/frontend-guyane:1.2.3
          livenessProbe:
            failureThreshold: 6
            httpGet:
              path: /index.html
              port: http
            initialDelaySeconds: 30
            periodSeconds: 5
            timeoutSeconds: 5
          name: guyane
          ports:
            - containerPort: 80
              name: http
          readinessProbe:
            failureThreshold: 15
            httpGet:
              path: /index.html
              port: http
            initialDelaySeconds: 0
            periodSeconds: 5
            successThreshold: 1
            timeoutSeconds: 1
          resources:
            limits:
              cpu: 500m
              memory: 128Mi
            requests:
              cpu: 5m
              memory: 32Mi
          startupProbe:
            failureThreshold: 12
            httpGet:
              path: /index.html
              port: http
            periodSeconds: 5
          env:
            - name: REACT_APP_API_URL
              value: https://backend-tumeplay-preprod.dev2.fabrique.social.gouv.fr/
---
apiVersion: v1
kind: Service
metadata:
  labels:
    app: guyane
    application: tumeplay
    owner: tumeplay
    team: tumeplay
    cert: wildcard
  name: guyane
  annotations:
    kapp.k14s.io/disable-default-ownership-label-rules: ''
    kapp.k14s.io/disable-default-label-scoping-rules: ''
    app.github.com/job: '5678'
    app.github.com/ref: refs/tags/v1.2.3
    app.github.com/repo: socialgouv/tumeplay
    app.github.com/run: '1234'
    app.github.com/sha: '0123456'
  namespace: tumeplay-preprod
spec:
  ports:
    - name: http
      port: 80
      targetPort: 80
  selector:
    app: guyane
  type: ClusterIP
---
apiVersion: networking.k8s.io/v1
kind: Ingress
metadata:
  annotations:
    kubernetes.io/ingress.class: nginx
    kapp.k14s.io/disable-default-ownership-label-rules: ''
    kapp.k14s.io/disable-default-label-scoping-rules: ''
    app.github.com/job: '5678'
    app.github.com/ref: refs/tags/v1.2.3
    app.github.com/repo: socialgouv/tumeplay
    app.github.com/run: '1234'
    app.github.com/sha: '0123456'
  labels:
    app: guyane
    application: tumeplay
    owner: tumeplay
    team: tumeplay
    cert: wildcard
  name: guyane
  namespace: tumeplay-preprod
spec:
  rules:
    - host: guyane-tumeplay-preprod.dev2.fabrique.social.gouv.fr
      http:
        paths:
          - backend:
              service:
                name: guyane
                port:
                  name: http
            path: /
            pathType: Prefix
  tls:
    - hosts:
        - guyane-tumeplay-preprod.dev2.fabrique.social.gouv.fr
      secretName: wildcard-crt
---
apiVersion: apps/v1
kind: Deployment
metadata:
  annotations:
    kapp.k14s.io/disable-default-ownership-label-rules: ''
    kapp.k14s.io/disable-default-label-scoping-rules: ''
    app.github.com/job: '5678'
    app.github.com/ref: refs/tags/v1.2.3
    app.github.com/repo: socialgouv/tumeplay
    app.github.com/run: '1234'
    app.github.com/sha: '0123456'
  labels:
    app: metropole
    application: tumeplay
    owner: tumeplay
    team: tumeplay
    cert: wildcard
    component: nginx
  name: metropole
  namespace: tumeplay-preprod
spec:
  replicas: 1
  selector:
    matchLabels:
      app: metropole
  template:
    metadata:
      annotations:
        kapp.k14s.io/disable-default-ownership-label-rules: ''
        kapp.k14s.io/disable-default-label-scoping-rules: ''
        app.github.com/job: '5678'
        app.github.com/ref: refs/tags/v1.2.3
        app.github.com/repo: socialgouv/tumeplay
        app.github.com/run: '1234'
        app.github.com/sha: '0123456'
      labels:
        app: metropole
        application: tumeplay
        owner: tumeplay
        team: tumeplay
        cert: wildcard
        component: nginx
    spec:
      containers:
        - image: ghcr.io/socialgouv/tumeplay/frontend-metropole:1.2.3
          livenessProbe:
            failureThreshold: 6
            httpGet:
              path: /index.html
              port: http
            initialDelaySeconds: 30
            periodSeconds: 5
            timeoutSeconds: 5
          name: metropole
          ports:
            - containerPort: 80
              name: http
          readinessProbe:
            failureThreshold: 15
            httpGet:
              path: /index.html
              port: http
            initialDelaySeconds: 0
            periodSeconds: 5
            successThreshold: 1
            timeoutSeconds: 1
          resources:
            limits:
              cpu: 500m
              memory: 128Mi
            requests:
              cpu: 5m
              memory: 32Mi
          startupProbe:
            failureThreshold: 12
            httpGet:
              path: /index.html
              port: http
            periodSeconds: 5
          env:
            - name: REACT_APP_API_URL
              value: https://backend-tumeplay-preprod.dev2.fabrique.social.gouv.fr/
---
apiVersion: v1
kind: Service
metadata:
  labels:
    app: metropole
    application: tumeplay
    owner: tumeplay
    team: tumeplay
    cert: wildcard
  name: metropole
  annotations:
    kapp.k14s.io/disable-default-ownership-label-rules: ''
    kapp.k14s.io/disable-default-label-scoping-rules: ''
    app.github.com/job: '5678'
    app.github.com/ref: refs/tags/v1.2.3
    app.github.com/repo: socialgouv/tumeplay
    app.github.com/run: '1234'
    app.github.com/sha: '0123456'
  namespace: tumeplay-preprod
spec:
  ports:
    - name: http
      port: 80
      targetPort: 80
  selector:
    app: metropole
  type: ClusterIP
---
apiVersion: networking.k8s.io/v1
kind: Ingress
metadata:
  annotations:
    kubernetes.io/ingress.class: nginx
    kapp.k14s.io/disable-default-ownership-label-rules: ''
    kapp.k14s.io/disable-default-label-scoping-rules: ''
    app.github.com/job: '5678'
    app.github.com/ref: refs/tags/v1.2.3
    app.github.com/repo: socialgouv/tumeplay
    app.github.com/run: '1234'
    app.github.com/sha: '0123456'
  labels:
    app: metropole
    application: tumeplay
    owner: tumeplay
    team: tumeplay
    cert: wildcard
  name: metropole
  namespace: tumeplay-preprod
spec:
  rules:
    - host: metropole-tumeplay-preprod.dev2.fabrique.social.gouv.fr
      http:
        paths:
          - backend:
              service:
                name: metropole
                port:
                  name: http
            path: /
            pathType: Prefix
  tls:
    - hosts:
        - metropole-tumeplay-preprod.dev2.fabrique.social.gouv.fr
      secretName: wildcard-crt
---
apiVersion: bitnami.com/v1alpha1
kind: SealedSecret
metadata:
  annotations:
    sealedsecrets.bitnami.com/cluster-wide: 'true'
    app.github.com/job: '5678'
    app.github.com/ref: refs/tags/v1.2.3
    app.github.com/repo: socialgouv/tumeplay
    app.github.com/run: '1234'
    app.github.com/sha: '0123456'
  name: azure-pg-user
  namespace: tumeplay-preprod
  labels:
    application: tumeplay
    owner: tumeplay
    team: tumeplay
    cert: wildcard
spec:
  encryptedData:
    DATABASE_URL: >-
      AgB/7Vefz8jI6S17cFSf5NpRfrZ+XyZ8l1gJ9XybCPV+PNl4TnwvE6vaPSuiCUkjHad3PRd90gMM8s66qwPgBvqetCUHHALKuXzqSzj+Yio7SfW5viT/0gjnotwSyZR7AXXVSk69WyQVU+Vp2y9U/h01b+srvd6KOIENXDYkZ/olq3AIpH0FYmdEsAKybZ3VB7598zbUFZiYf13dvIEWgiNzP/YK+XFsg/zxxH6Euacif6Y+p/n6WpJgVStGdPKGTIefCfgoi14CQLDdY9C6uovjhbzsBR9I3eP7lNNZA4GguMtuzuhR98Ts+S/FmUrf7QEsY7pnn4/tQV4foxus4z4xs3id63OzRQOq4544ffMG9Ep3A1OtBh2IRtk0IAxVi4+Ts/trhZXYWwIxOubTSogmqzBrQy3wIcC/kiBikUJQoI6+KwwowTWzZnt082b3FDPXuzwla232P9YCwNefvYfLszMBz4PkSQauObGFVZjNMCJAEwXwNwzIDW42C9SuM0ngfaUQkhPI4ubrL9m4g2onk4BAMznDgStJQG0dNvXMaNSnyZjse86f56OQtP88lBOg2ioYTV1b+gfhKih22+3K8TjD2WRuMnr9SqsbWNTUlWiMDytTZx0IIUov/Q6i1F38M+010LqDFlEzPTyX6bqrFdJUokcFzbLEVS9GMxL68pzNK/7vhnZVaQQZyzkYLo9mM8XeiuCldCe8oyk4WANcucGm5OYfFaIVv2SkcWUPfoF3AEC6X/T1Q77PrRcNi4lzzqFhebvXP5gL9BXDPYkNzOcI6itytMjHFxV2AtxNpMWnwy0AmOdh3Rik800fjeVGUWOx1APmZ8vP7JD8lnM1bBG0DE7ySed9GCiqRX7O0eBr8jh0ZFkZ/bMo78zhs5pmbFIoPaC8bEDjV/cB2TiB4yJsYq02mUm/0A2E3u4OWf1rOfA=
    DB_URI: >-
      AgA1zaGzoFNXoUA6q5BYS9tYZ1rH9hUo8xpHM+SPPaSwBCSvf5TgDonMmBeMX3uAtd72ecVlYLuyP7Md4Pv4OiEF2wnr1YtwMCE4uihPYHSF7p2Ig/PqXkEpc8mtDpqR0SfknXDr7Gz0kPh5IzCyDDkQnj68pwM+M8fxsVAH0dhl8DGbw0RF2nJOPoGa+RQsbEv8uHeQDKp0J5eNk2wAo1Z522ajc/ASSCOCuRk9uhj2s+kMjR4liFvpUWI2Ebb/p9NrRdljy7s2ewXf7Qkk2J04oWoGLCrX0N3YJND4xSsrTqeXGQzN/kqgsdj/ofhnBphufP9azG9OlsRHlTgcZSPkSMsXWQzDLf5dafPi97M513r2AUvb+Vq7D/xWEQ6sQxx6fp0KmYXl2JP6thuoQj9NibyZDGGnnwrV64OzTITH0Qhr3xxRcrEULWw6AkUNzUxZlj3sD0j+a1DSuBQtrUSZ5ol2GLpn1lKhJ3QPt+vozOcrkzv23bvpNYWqWkCFBlneS4QXw27sG0B3g11pdvYHqMuNYu/iNjMxmoJ0XUIrtRruIX8XdXn2JIhV80eOYgNhO0sXbNRKD+iK3EEBnAjOXHNMPRpPxKHrgbu6G7zeu1DzhLzE4E1EBrAzX6DZLFziBE5S5fF+Wp0+azBLklVY7/S+0N22WbDElgWYMBg9CDh7FXU6kGkDxit22pV97Im/GZeTr8QUzeGPHc+hbK10Y7msxqFGORgPApMz157luKDpWVa6+ocYsGvzMgg0ezeZ1tenhqpWgA40eSiF8BXBhZePaGkmCd5eQfBcihy/Yb+E5mLpC97vG790L+GWVPANdZ42d3EAgO3BV7CdlE/qJjR9NGLRiV6r0rA2hg4GZTuLwlOlcgDLS6MExjpj7X8Qsyjt8pwtiHDk1nuWBrZ0g+OWdKti69MEspJgDUEVC9hSHO0=
    HASURA_GRAPHQL_DATABASE_URL: >-
      AgC1XkyNRFru4V3yDZ2lGcE9bBe88yDt8LQuThQXVQ037zjmapp8EzJHHR+Z1JIBItTJkB+xOT/VX6cidA7qMA4rvhGEDXXFNT0a8nQEC6TgeiJy1aUByE1m5qMXjJDZMSdKALmvmrk4jmP54XKQdGuzsjRIRbSegF0rFZixgRhZJXj1TPJ3MMeOsK4zwbChyh/0K+7119jW3euY32UoN99otTDCazSDJyN7fEGhSGDIfRKv4sApXNHov6+EDDScPQ3WPUr7mm8MyBN5hc9h9tzU1tGbuL/1UgfcT6jFLxKHMa1NChr0TZmndg/AGyrGJIvtkMoHzVwGY3fp+v7EOPdpWfn1Ld9i4XBvICjlHThu1sl8Kf5S/r4+whNTW2FFIP9C2wz8zsbOzr2KoLuUSHWapHFNGD+GjTfYqu/2SCoCgUCKKXk8lkwvBbkY5INRCOPFLZqlPMT/+XtQ9h4/RyBLzCXlPEVxe+oLxRYP+JfxfVHhswYs426toFvTdltKOMuaIUPpDH9slsJfBZ2dyK2m7E3MIG73ZeUe1dUn3qpsIt7Qsz7sOT2wQu7zmWfhIlVsbSZ8K2I0aYC5LMsoaY7KlA81lflqSBniDIi00u4JfkNMvBzDdMMnrpW/JECFFhOj2kGdaICaRwlgHr701Pe4yXjQzI/h+aNx9SLK/+E6kAvyzedthClLcE6Scg9+p2lOfdJ6Kjr0KRj9yqJCWT3YUxa30tJSc0b4JVwz7UIWogU4swo/AQu5QNXSw28rrk5iHmncx0S8l/GsvINU4zNbHyv1gb6DVUuU0bnQ5V3JrAxo5fqzOBt4Bdxj1/sz5+XdQjfQyrp62XnWQ9vA6cvq3hQWUJnqbqlMHagNzsoQ7SwvRbfB5P6TWjMDrmF9gEGnIwA6eErhE8gaobafIeOF3SrUq7zgwVghy3yCb4VwqIyua9k=
    PGDATABASE: >-
      AgC/KX3io8Y12Ailsz0vHZXVVra9wD9uR7TaqVKeM3ZNvZHLoUO0Z3vY6uOVbG2EhNiXUtko1YGdOA2JC6FSt5dWqHPzhOk48eEoCsv9zWohVtWTeRIcjKswNTkPqSFAOO+XCWytXzFb+MukIdbsLlREOElBcOIDhgztYXJiGWumTiAvs0XLiRsvslLu215dmBztYECwbsl/Xg4lRILl34D5tJxmJkrsOiq+z9Wt2gq76q2XQxi/OL29vc1FFjgU3atKv/WxofAyVLr6Mgew/aLaf37kn6q9ufHouepDK157uqbu8og82fvrgoxcx45VflPOH1bMsSafn811lw88osv0k6EaQix2MSxuin6K4aWAWN1+R8fv/YGcnoVJ/K3n4qIKV06QvqMOm4+wKG3i7cOH3BBVl/G8Zp3hwf3gF4iE5VWUABdrkcWCNFDFKyNjy2yfWYDEibagPR4Ub6sflFdyBvbfQltriNK5tsZDKBrzLaiOw66FitOZ0bkkBM2rafaP9bHKhG9T2iJkSWWtukgLQBNR3D6EC/qEGzayAe948iiTBpWefSz930yHIMV1VwOoV9mm8t/wdiT1lQRLCC2JL7S86PCEozUzQLya515SH/v56hCEOz7jRSzFkTZ8XpJ5VMzHnUBm9qOtbiwUUKqUndxmUgl3Bjqjk+r0u/UehEedNKyZFJGacw1t+dicn3bIjELdgleZ/g==
    PGHOST: >-
      AgAo3Ds8G3tS2kIULHLf40TO9iF0Rxd/JeNmmgWRtexy6naW+Onc/gPCtihg7boXmXumpMFJQRzPRyTMLVlEPjfQPyXAiiaMx+bteXPT2i0zwd7vi76At06W3++iiLxyoDpLcen7Ntp+kdFlzTR+Lnb0ePYmLF+OaFDcANWmNTugR1L8fuSdsAE1RU68QQI179tYoyzK2bqm/ddATBq2RXWdwamI+7kTfoFinsK1u1wzJypC6cL8w28VwEYbFCqS26gxFrY6trNgtdRHsjVUxHD9OD92KIor5XSPmivqRn0LHWnBSLnzyEE2KqpZ+ujtM03kv4f6IUknpXw4NIS+YuoLTtxh/9le4Q46nkK/ivDFiBgOyzMvp9Ajo4is6g0QfGYVqL3R+rQjhZybodnZKSSEpRii8FO+iyRhk9n7OlRuR2tzJrN3bAvPQ81wlUtTT9YRaHiKakvcPZAhfhUURtXEp1JKS2KPBfTj3p8qURxIYGytkNrXr+umEMgcpQsa6BBxKcuwNSRh+1YRQ9ZjIERHsuhX01SBfdm4aqmxidLk+0K1X0N7B5SVgn6jAoEI/84ZG/J4KmVYL75T90rGlKFWl/OD9NZnMd55BMZy1B1fseEa+E1n10cNnin/mDE3dalSpPZrgegBmYy89xNv2lRmeUPN3UJHDNtamP5r6YZC2X1BILR87B912eAZl8iYbww1CNZH6EqPLzT8QuTsJmjpZNGVDVUqlUCRMIz4BgWSGZOPHAaeBdUFfunQs+g=
    PGPASSWORD: >-
      AgBe9fYZAG9t41AoYId/uoU2cbiAG45my/NGSo0gybNbRSE/fQ69f9uZ5GGpogcPuuan4zwDcKpE93RXo4sO+3cwydBQDS2/9HM9ySUOosKemMV2keNYRMFp0U98t8JH4Fu1pYcsZY4LxPbiwq9ZEXUTjOzEAA+Zmg7L/3jfHP3aKDwhfeV4bkt/fKgSIPhouYWb2iEPyrNfezHAxsQgHfQAn2g4vEjkR5bmdMeHMFZeYs4wIs4FgusCXV+EB4VZTanO+Rmc8pFJrlQWgdh7c1MBqaLOsJ1eL6ZUJKgTk89xTI1m4wgGi25Qb2GiJq0EyvJkJXo/7f/fb/IpBiSwXhvCaR7k8/rzhFWhGS4zL7VyZmIiF4ZI1ce7GS7JDmfEHl+rjvCK4Wtn0j4O7FO4SVtLQqTJWqPAXp0TNjNnHjLlHLe7+KTBKAawLGpnnIQTvmuuWmlHpk2khJaTGp8O3UQegisHRthPrbhF45dN58AiaDNOjjfWK9JYUCtZ9sSpQk0wummvHTpvqKuL4BQmkVYlUPNPPoCLxFZPBr3KQUPbEzy8I9q2NjLK3bMOTukfNVtB9BhdlFWlLsW4m+O/avrf4q6T2pdtEuxAcsdVNktzirTAyDShw6WL7pW2KgDChBod/J7AXrCrlZTiQ+RhiNXxxa4aL7XB5ayVhaYoj91EkDTP1r0U3YrMaMZF50k1903dj+QknFKaCKr+0u4eCWsFkDPRf1UyzhgX7JRTAVIh7x/bIM/v0xw=
    PGRST_DB_URI: >-
      AgA2gkF45oo05lqhKYYbvoo7qvbhAKXK1D87OtkJJgVLHWA/GQZM/wA9VT612FJ5FUI4xFuvtLBep4UjGB2sYmbg8TPpQk+jhYiTtu3QnWNddseXvG8B06Hs+Z8ITsxM/PVjSUtSwKcqxj0oefo/EFSYBriK9EplNI05/8odC6YGJqPoh9YjopodLJ8omPLNkg9dB0CkNEbc1IJCmTbiTblNdc7Ol6+Edunt9BRMA6REleBdIZLucX3scZfIyg4i6xwDic1jBnz/v+KlgShQ65a26Q7RwV49BOK7Mb51v8ix4jaqCOvArwEEewtCP3m8Guwb/MdsUrm+8ETslzyPXb8PL3A6wn46X7YC9d3iyIaVV9gkVME6ngyGLV92nLXbh3TIx8oR5fdsb1Yxvl9lF83EtYUJeepYoUv8M8412AVUqbUgKHeKPAZWNu5h7lbdpK+jHYMbwDUCfwQDR3sLCf4q6A8LwF031GAoYGbqMqvDClTUjsQ7QJqG7E5d7ZaC8acxnG0/h2zMFmaMhn0JYsFAcI/QWIbpzBG7Pw+0pr4y8yTEQe6hn/OZ9kfP/Vq8VD5nkBEJeDysaSsoZH9W6DnA5gSXi8aiKYQdqsMB3prkaEm1sBOp7v9D1XBL+AgVXdhrREAjoJVq+sbto090DRGdaiKydr6apx3VBnCEb3Y/4N92KgmbRQtMwBg92a1gp4PhlMgVtYUOZLpMKb8h4+ftIF1fgLfGGsGJb11yqApLNZAI+uzUpbbM9+f++dth2FKBDhHe7ntKySWjyIppzODhme6Fm57Vz+xSiOuOCv6cMD7UCBp53Bp7vhlkimAydv/66QHYfwPn8t3qLkRa+qgHNJBuovH+mcKdOUV7Ftmpiq8uRDxb55AeUuUpGOqjqvKXL5dZP1gmWTU2ZVSTRQrYW5nDTKA9sJuaCKuFWRyPzLLnS38=
    PGSSLMODE: >-
      AgDHJAuR6qQp0Up2Gd2gIi3ZbKn7c9yEg1DP0op2IwuhdXZ0f44QxnkpQ5XPE2C6rpmy/iWDGRZhdA/Iw9UGZIR9lBnz2hfQs8AuiMLgILZuS4nsc6BdNmJItiJ4wj73tltTHaXInW7CsVkCLKE8MzpgEd+D1FmbVpOXxAjDgyiwNWdOlCe2A82c33Rk0UXYDzwZGF9OhKOxqRz4fDcpVKtauOlN5flX6cE1t/AFiUaivcmOQ+l8oXMOptoS7WZEL0vH7mHY922dSavBvwUMludtfBbKI5Ci2+z1MTa+fdX6HltZOJhRWIdbx8U9EJ3m6F+ldszOWugN+U8jPS68vLLVOXzggg5C2Cyh5tGsJRhIoen4cRIAbLsmJGaIsJgPsNBaXi7KtLpnFGam6t+Mzwzcbs/Zsnv0/mUJNeS42fSIi7uiBLpP/qCWo+hiJxdmVmJncGLF+Bw9cBeaAZ4zdtXsGNlyPPi9PNCLkJMqH+1MYPavB+BxGuwAjJwSA4Xuonz0wOXj940JZmBuWLmJYXmuI6Ultn+BU7tcOmVAgvTswvpBHoG4Y+Y91n31enVi6gIv7KTZQte1Wh7UwvM2E3AZRkMN54Xp4VBMzT7nOFSact23YrCcaWqgD8L3UKXlkcv1PM7aQ5jx7Ndfx4kWx4XKHdxtIRA5ClJJgZv2Dop2crXJURH9Uze6HftOBAunH4j78lE4ZNca
    PGUSER: >-
      AgBe3pAHxYMPS50TjiaX43R0dyusxhlt34/9kgky20nS8pwhNCOZ+yz4kw3jrCtv03nPn8iew9K0jwHoipB6yluuHogVwbOKdP0YMUgJYFvskNPnIH2gNuFUeR/nDH3WEOZOIVJb2BIwqRWqjb4UlZ93r5etanjRmxBxjm+Y2qjiRY6jZh+/ovEtipXQ9WE3SxT1ktz/CNuqO7F88MfTXFImWbkPtKwnchoeMqtcU5rjYCU/cCYKaZbQNAEFAxSKxTBx1yV8pDj8orlpFiJtfTEGtynPJoF3NCGiVUW9UhIEoIVyXUbxchUbNzAp3LKspobg8vQqg06B8sjpKlqtHNPG7QnkyQhoDmXHW2lsN9Xr+SFk+vFGCdA7pRtjMvFzSP73wHsbj/oLNxEttA5EKb75eoYqgm4RXtpHdJHx6wu5ld/qYZXYnrKdSIZzYrAlmE29fdikDfgDdFwTtuX+jHD/faOuEsEhKJktZoTxAwECd6b9eFktsaJplMjwnZ/Z3sZbHnd73RZggfqalQZRGV0UdDs0REmdyljicciqz/sKrPE2lb8DqGzrIISY4DuBaZiHs4rvaaQjTVt6NTvDTsNx8u8oCrynBYwstN7KipzjL5WMBKUwN9XJvueZtbJ3z3jOanmUb5M5u2/V6NEw/FWCSe5u/Z8dL/XsugYNz19MtXgndvtjHP+nHwUDWDhCkE2eSFi/wjglEFJhziEsFpz1OSADKAjDhlWgan7ChS8FooooQwY7TB2nQdHviAuC6IoLEb/uUJ0=
  template:
    metadata:
      annotations:
        sealedsecrets.bitnami.com/cluster-wide: 'true'
        app.github.com/job: '5678'
        app.github.com/ref: refs/tags/v1.2.3
        app.github.com/repo: socialgouv/tumeplay
        app.github.com/run: '1234'
        app.github.com/sha: '0123456'
      name: azure-pg-user
      labels:
        application: tumeplay
        owner: tumeplay
        team: tumeplay
        cert: wildcard
    type: Opaque
"
`;
