// Jest Snapshot v1, https://goo.gl/fbAQLP

exports[`kosko generate --prod 1`] = `
"---
apiVersion: apps/v1
kind: Deployment
metadata:
  annotations:
    kapp.k14s.io/disable-default-ownership-label-rules: ''
    kapp.k14s.io/disable-default-label-scoping-rules: ''
    app.github.com/job: '5678'
    app.github.com/ref: refs/tags/v1.2.3
    app.github.com/repo: socialgouv/tumeplay
    app.github.com/run: '1234'
    app.github.com/sha: '0123456'
  labels:
    app: backend
    application: tumeplay
    owner: tumeplay
    team: tumeplay
  name: backend
  namespace: tumeplay
spec:
  replicas: 1
  selector:
    matchLabels:
      app: backend
  template:
    metadata:
      annotations:
        kapp.k14s.io/disable-default-ownership-label-rules: ''
        kapp.k14s.io/disable-default-label-scoping-rules: ''
        app.github.com/job: '5678'
        app.github.com/ref: refs/tags/v1.2.3
        app.github.com/repo: socialgouv/tumeplay
        app.github.com/run: '1234'
        app.github.com/sha: '0123456'
      labels:
        app: backend
        application: tumeplay
        owner: tumeplay
        team: tumeplay
    spec:
      containers:
        - image: ghcr.io/socialgouv/tumeplay/backend:1.2.3
          livenessProbe:
            httpGet:
              path: /_health
              port: http
            initialDelaySeconds: 30
          name: backend
          ports:
            - containerPort: 1337
              name: http
          readinessProbe:
            httpGet:
              path: /_health
              port: http
            initialDelaySeconds: 30
          resources:
            requests:
              cpu: 300m
              memory: 256Mi
            limits:
              cpu: '1'
              memory: 1Gi
          startupProbe:
            httpGet:
              path: /_health
              port: http
            initialDelaySeconds: 30
          volumeMounts:
            - mountPath: /public/uploads
              name: uploads
          envFrom:
            - secretRef:
                name: azure-pg-user
            - secretRef:
                name: backend-sealed-secret
          env:
            - name: DATABASE_CLIENT
              value: postgres
            - name: DATABASE_NAME
              value: $(PGDATABASE)
            - name: DATABASE_HOST
              value: $(PGHOST)
            - name: DATABASE_PORT
              value: $(PGPORT)
            - name: DATABASE_USERNAME
              value: $(PGUSER)
            - name: DATABASE_PASSWORD
              value: $(PGPASSWORD)
            - name: DATABASE_SSL
              value: 'true'
      volumes:
        - persistentVolumeClaim:
            claimName: uploads
          name: uploads
      initContainers:
        - env:
            - name: WAIT_FOR_RETRIES
              value: '24'
          envFrom:
            - secretRef:
                name: azure-pg-user
          image: ghcr.io/socialgouv/docker/wait-for-postgres:6.32.2
          imagePullPolicy: Always
          name: wait-for-postgres
          resources:
            limits:
              cpu: 20m
              memory: 32Mi
            requests:
              cpu: 5m
              memory: 16Mi
---
apiVersion: bitnami.com/v1alpha1
kind: SealedSecret
metadata:
  annotations:
    kapp.k14s.io/disable-default-ownership-label-rules: ''
    kapp.k14s.io/disable-default-label-scoping-rules: ''
    app.github.com/job: '5678'
    app.github.com/ref: refs/tags/v1.2.3
    app.github.com/repo: socialgouv/tumeplay
    app.github.com/run: '1234'
    app.github.com/sha: '0123456'
  name: backend-sealed-secret
  namespace: tumeplay
  labels:
    application: tumeplay
    owner: tumeplay
    team: tumeplay
spec:
  encryptedData:
    MONDIALRELAY_ID: >-
      AgBIXbydPau0Vk+AbtrvcX3djGF1uFFQ12PWNOdqff5E2XvQ516WdU5L1Kh3UwikKyqp3PMLw/O7blp2V2Dfo3zVHT3W3ZYKmCtnpN0DzvLAUcN1XdqxkHOdro47IM0tD4DOMx3h4S9qrX0HJHkJb2hAi1ABCwUphXMZYwCCLYsBMVi6vlXGbHIJZe3qUYdMf/N0KypZKKm0Gjh1P6ltbXDypwkQrwbS57m+sRMVV3CL4PLAcrSM7EHEHvSKMa8aptEL6X4KZGM1U9AAbhWM8aQ+8aKGwe5uKGELd5y83xHxbZIjeEyuub4GfO/ZNMLAVSq8IjBt0f1yelMfzLtfHce5FONLr31AimAXsqCc7vzWrS4hDdsWsfu4zpucJiNO76RWsoBBuqo0/jprW++looufA8z18f/lqHfKTc2k58ArvKK+94p2TGw/RjanKj/jFou7PPKBybAFaiiAPdKyUHFRxK0tLgHv3EeZJgwwPeCEpVabskq2VF7XCLKqyutzdavkaJZMNkXnQvDptj4vIklhHx0+RfmJgBNpLyxNf7zpudD9wLyG47Zu/C2ZNIon3Oso3tOMN3Qt9pbDpjEiZKkcnDLu9Yi0Y+Y5mIze+jFrMD2kBTzBAZ3BDbNGj/Yi1U/yrgSKTV2FY3rlChF5HpO1WmcZ0GfIC/cYrkw12YtTOxLi500xlMJI0aFe0EdWNMh/C5hLx25PdA==
    MONDIALRELAY_SECRET: >-
      AgB7O4E/qUXYy+qCpsUEmUVwDaiBz6ca1wHcjKzKHHWeZXFlF1hMcY9npr7GI0OP+xt7grSmFvPMFrC1moAliNwIqQTtFWd7ZyMcn31VV6HDQcAEiLDeXWKE2kgjMLydaqF9RNN23ifDngmH6IvkTQTfM1BHtGd0OgGvlLPJoBxFoZCWbWF0b5Q8SxPedYozGMrebkJjgwb7gfB149ftV9b+IJoHGnt57xRdkNicL7Vgd0QRMkJ4AWm6UdTgUfqSs7qKV+QCICn6F5i8fVIhPoQMnDCyiA0Q2yBhe4NCBNfgzvAqMc/PPgAOsqvHOPMc6fuQ06EI3mUFUIWhwqOZR1+m76cTeObhhZxMESnW3bOnUIGEPfFnsRfkmxB0snDmQA0QnhLtgRz+SwY73vLekpyYgAAj627usU8cGxZTerdaho+70MFB1mJ0q9Vf8O4dg0CtTfaZVDo2Iz8TSfcHsxqcuC+eVB1Zk8RZ1rNXZqvyy2o0KZO637fUaoeQTzEctPit6sPIV5Bm5PkRlFrXtNJyfnMMLYcQMUeTulD29SB6yTMS6NkkdBsO6/BOgpd5BCBZSoNaT8HFDiPMzUEP+TcugHlgplvK+QDbM1jjui6Hai9QUjMZPyscGsW8rIiq23THje7dSzDRmRLCRCNeObJtv380Pr8+UWRL4xsHkyPfc4zpzt6g0v3mobkMK77FVWpRBp3QG7ZCIg==
    EMAIL_PROVIDER_PASSWORD: >-
      AgBnzI36LhT4NAjEw4h9YFFkoBXPD/v0qqngn6u2tMadi9JNkgsD9kfVm0PiSK1pvwOuqr4QGhARtR+Livo72OoVT5wRgEoGOIsRRCtkilfcraIaFezpbHQnI4ekJCOn5p03cul1ojiv8hVVh9S7jFxa7NQNxp6Bll/1I+PJ4MkPSKy/D7AVWt6475dDZkRobs7yQ8bYHSlcHqk9hljuE7VO36Dawnx8TWaH10TJufgtr+xhSEJu60iwwJJblI9uK2cHvOz57Qu4N3WIMDIYdwsA0jjcy99gPcqaGN5jUwZhwdkW8EUPpzmVV7CqegZHH65p+tZZ4HcxuopRDGEPlKAhYHcaLXLhCErOTPV8Nc4Ngos+sKQaPXPBf5qpyTkI4F0lxR54CP9MnbZVhDYt2lmVYUTGGJH0jAqKVpvtxaPFjk3IuC2e2AcXBlcol/vQNaUnpqwmmWSKHIZKgArX22vjQs8FNHNXzZnGSSCFxK2ImbGk5HTuAphfZ2VPeQeGhj3zXIslb5dCqnbXhhEYLxBP+xlOaQnCWqx9E45sEpp5rvd+OWdRb0usxm30HN+gr26lsfdoGX8k8nrWGBHiUSl1S+3qTmdkGbYj2A5cJu5Tyqm+MGy9v9GfTAcD467yHH+BNxF7Rj25ZpM9XYCrNrbnIAIZHvroyGZAIuPByjsuNt/v+z+U2Cm3zP5XN8l70VdpsSDaso+zmRB5Yg==
  template:
    metadata:
      annotations:
        kapp.k14s.io/disable-default-ownership-label-rules: ''
        kapp.k14s.io/disable-default-label-scoping-rules: ''
        app.github.com/job: '5678'
        app.github.com/ref: refs/tags/v1.2.3
        app.github.com/repo: socialgouv/tumeplay
        app.github.com/run: '1234'
        app.github.com/sha: '0123456'
      name: backend-sealed-secret
      labels:
        application: tumeplay
        owner: tumeplay
        team: tumeplay
    type: Opaque
---
apiVersion: v1
kind: Service
metadata:
  labels:
    app: backend
    application: tumeplay
    owner: tumeplay
    team: tumeplay
  name: backend
  annotations:
    kapp.k14s.io/disable-default-ownership-label-rules: ''
    kapp.k14s.io/disable-default-label-scoping-rules: ''
    app.github.com/job: '5678'
    app.github.com/ref: refs/tags/v1.2.3
    app.github.com/repo: socialgouv/tumeplay
    app.github.com/run: '1234'
    app.github.com/sha: '0123456'
  namespace: tumeplay
spec:
  ports:
    - name: http
      port: 80
      targetPort: 1337
  selector:
    app: backend
  type: ClusterIP
---
apiVersion: networking.k8s.io/v1
kind: Ingress
metadata:
  annotations:
    kubernetes.io/ingress.class: nginx
    certmanager.k8s.io/cluster-issuer: letsencrypt-prod
    kubernetes.io/tls-acme: 'true'
    kapp.k14s.io/disable-default-ownership-label-rules: ''
    kapp.k14s.io/disable-default-label-scoping-rules: ''
    app.github.com/job: '5678'
    app.github.com/ref: refs/tags/v1.2.3
    app.github.com/repo: socialgouv/tumeplay
    app.github.com/run: '1234'
    app.github.com/sha: '0123456'
  labels:
    app: backend
    application: tumeplay
    owner: tumeplay
    team: tumeplay
  name: backend
  namespace: tumeplay
spec:
  rules:
    - host: tumeplay-backend.fabrique.social.gouv.fr
      http:
        paths:
          - backend:
              service:
                name: backend
                port:
                  name: http
            path: /
            pathType: Prefix
  tls:
    - hosts:
        - tumeplay-backend.fabrique.social.gouv.fr
      secretName: backend-crt
---
apiVersion: bitnami.com/v1alpha1
kind: SealedSecret
metadata:
  annotations: {}
  name: azure-tumeplay-volume
  namespace: tumeplay
spec:
  encryptedData:
    azurestorageaccountkey: >-
      AgBCZ94S0NBkf4kpOzdv/okfFIislG2ZWF9L00kRySBfk8x69PkfIBSvfmVjQlCNCVdQTkd457GBIBONkT58vXPL/QHqhwF+lQJZiu0K9i4KCciVasiWg/WHAa98kZmAU3HXVaN0Lasat2Po+WYvh0IXBWMzEcBOWAZ//HgFPNmqtelfHH0WK8pliypT6BDbewmmP+9+5ZINO1i21H0MBd0tFPc/gJJ3QlbjcWcQOvmhnwgjA44huJnJhXXrphEDf5Qt9Vf0ZuqtpsFZy2AwSJiFAt/49BBHgXymdeWpOKF14lBAWsemIVFm+OEJhk3hR1r+fV/u+KHTD5E7bzXQyKYBWv4LGYkghvXYQsvfszBLCr+fzln8dci5PorymPOPY20mttia72rpTdPLpAlRaybIGExuJ5fIRuEqUjC5qEkmsuMjaH6NRxaG2zxVxrVjn1o1E18k6KCqVdlR8qSvzwwcgeLX1IDDKAjGxhALQY+G/9X5kdurVV7cgq5gk6yZOf/fKohBBFJEWzqEtEQhr5XvueQVN+8dRZgJVWSkny6V1d6Q1Yn7N+zOg1eRfsQFaWEzJj2WDd9iciOTfqtDLMwBM0PV3OzUcbmYQdJ24sr5lHsJivNc7ASL/3rSMNySUrh3RERsE6/BZG//XEYt6HD4AIH5XJjqL2fo5/XdcYXFjBBz21JnGMJDYNsy/OEArqoaJowPPuZgJpQisBR2xvcGOhY04wQJS7XBLOZr97PjygTHAtv8ZCQVZap/tOeFFVQ56tBu2utpS8aiipiyzlpdCZ3SMRsAwqJ+19/MdtItfeVMs7Jz0dg2
    azurestorageaccountname: >-
      AgBFQmJrPMSqXhokDwG7DUYxCAwxSQqdDkpJUBqoHynE4Bm7J22lmFjPLG5dnenavw/GUwhobCU2Gi6bjfohRDJZzLC4Gmhv5qWCVEfm1evUHm36Li47vbAFYmsua6v/50eqbuzzquowiyLCsh84XtUQHRu5LsYkFvRZb28XTACU/oRgelIatrmh3DwqWXV+LPbakQRPAoBEKU2uUbenyjiSTivokF5sBrHpNPgW12y2pgKfhp+gwpL/pI4YTt4ql0VK9OiLo16IhV04/pAjovNLAWoQeLOa4TM1rTa7SYlKkBNgtn1szoQJNu8hoeXqLmpoEeOyFzWhKjAm/e6ZNW9z0dD2j0oZb9k6QtVMStcLBDmPEbG66GghLlaaLWInk80onvJzmPYS0tqkmu2M/j/8XXSDGu5wFr+EjoWqoQZ34EwSytmWvk8UbebJYYaW1jJ3ASOj2lXur9tLk39f8kvoDjQa6rGsPfMZLS9u2EHWPx65D8p/vUPHwCrgrtyOFm99R7GnhHQNm/9nkodJEKVoc+0g0W/86/RpNFH+h31/Va0XASAz0USBXCO7njhLfngdxWRP7ag3voNNdQ/gvy2Ij+zvn8MkZPb0XT1XTKiJSZGb0gGWUrz8MQE3KWl4ow4E2mJRyWefGevMrEQjo1sCdBJzn3uEn8G5bBxIn18HWhit7PEAYptNqYu64S6YOUwu5T9N9iMtuuRE5cQ=
  template:
    metadata:
      annotations: {}
      name: azure-tumeplay-volume
      namespace: tumeplay
    type: Opaque
---
apiVersion: v1
kind: PersistentVolumeClaim
metadata:
  name: uploads
  annotations:
    app.github.com/job: '5678'
    app.github.com/ref: refs/tags/v1.2.3
    app.github.com/repo: socialgouv/tumeplay
    app.github.com/run: '1234'
    app.github.com/sha: '0123456'
  labels:
    application: tumeplay
    owner: tumeplay
    team: tumeplay
  namespace: tumeplay
spec:
  accessModes:
    - ReadWriteMany
  resources:
    requests:
      storage: 5Gi
  selector:
    matchLabels:
      usage: tumeplay-uploads
  storageClassName: ''
---
apiVersion: v1
kind: PersistentVolume
metadata:
  labels:
    usage: tumeplay-uploads
    application: tumeplay
    owner: tumeplay
    team: tumeplay
  name: tumeplay-uploads
  annotations:
    app.github.com/job: '5678'
    app.github.com/ref: refs/tags/v1.2.3
    app.github.com/repo: socialgouv/tumeplay
    app.github.com/run: '1234'
    app.github.com/sha: '0123456'
  namespace: tumeplay
spec:
  accessModes:
    - ReadWriteMany
  azureFile:
    secretName: azure-tumeplay-volume
    secretNamespace: tumeplay
    shareName: uploads
  capacity:
    storage: 5Gi
  persistentVolumeReclaimPolicy: Delete
  storageClassName: ''
---
apiVersion: bitnami.com/v1alpha1
kind: SealedSecret
metadata:
  annotations:
    app.github.com/job: '5678'
    app.github.com/ref: refs/tags/v1.2.3
    app.github.com/repo: socialgouv/tumeplay
    app.github.com/run: '1234'
    app.github.com/sha: '0123456'
  name: azure-pg-user
  namespace: tumeplay
  labels:
    application: tumeplay
    owner: tumeplay
    team: tumeplay
spec:
  encryptedData:
    DATABASE_URL: >-
      AgCi8X4JVOVcWfatjgEjO3Gvw6BP5N1A3T0lkcq9Tsp1wCvnmdiellXTVX33/PgYxgcLK6GoELsIFWZjFPYlP/qXl1BqYhUD2fw+6gn7ZQgI3Qu01UBQJU/BhCiJIgxAoQvrzmJlvm04rWw8hfGBOzYmR5AgZvG+t9B2YZh/vfBxOaVy8Dn6vs83wKBhhzWIWoJVSJZWKgdkP65yqNs9QmX1S2LAv6N2aCHel88zwTwOhsjHjSIlHDnlkdMeh7qwQRa3qztuS1srLP2Jx6CuUqc1TAZfgdLvhJRinLt6JlMZNB2mk7ytYLxruKwWS6DDUex+hpWP5QGSixF4R69w/0RJ9fFMVY70bUC10svqWT1HebVGuK6hQYB9N4MlvGgeYw7K1YR3R50J9TWzOlAtABDVG0S0ZgK3pKV7wU9eq2/KY3AQZxWG/bRqOs8hcXOX3vcL5iRVLxcTimWB8ykRial1M7swGERArp+Fej3yB7HRQ8I5kx+TfYr73H5sICVZ1U/s4QxnenFAntQ84cscZbjevutwBKKzYyj2nkljSDGmEWFBGSUCKrFN19CCazC8+LMoo73k+/H7lmB+V342ohOjwkz6sDJ7HdzoIlrX8QDiTBMdZ8EOuz02lKqCmn8WHbvxekLHkFDH63HjphwkjIAx+KV+cMzdzffi5BdgmUxPWBOif2iRhHWygy8erP1f+Pn8WAXeW6U4pdtlV66ZAMQ8badkkwTsKJ4slmv64Y7XgK5mfgX9hFY9hsEgTuTjVjpIIx2ItoWOfJd+pbAVGXpe001APeHbMj50rocFgyS5qQNt9D5DGGWGHqL6YtIQGLDKQbr1JYmfiDVaUHT1cmFoiO9DvhygShZV+Jbl4xvG1JQgLeFXT4SNXIYfoS00rVKagivJgNFgWmXMzSIJ6sOdzJWwbg/1bb03JPwp6w==
    DB_URI: >-
      AgA7VFZan89r2uyCBQsZtIiFkVif+29UlKKb6euIG4eCVGx5emUZlPAUsnEGTaCOBXQOqGqbb3LzdJ+hk7Oqg75zeKw1kvkzFyc+f0YArYh0s9T4iEOJ1pauiTACvNk9Zu/OpR+OPX/evABcfERaJ1JwnXojNDGih7cD0F23IrJJ2zEGcAEvJrh9viFG/0zy7ggUSDBXrz2fqQnIWzUzIa5kbvrqifqzJgksawKP0gyJ52xbvWcu0p38M1jAx3Gd6ti5v5Z8vFVwCMvCfLh4PMT/JIcTGXBYR7SdiI691i4S2manziCibZfjznfZFmJNyi0lm35deeT18D/kRHYoz+Go5phjQF/dEXT8tsQQE5GO5C5ynPas8PJbF7xPwZuWKnHHgBUK7d+H93p5FoDyA8J2Xcm9tTbl58MnAE66J1n6Sx8n3OP6XIX5MYAAF7j7AeIv/34FU+igZUqtDK51PJOfMuX+t5ybxT0LYUTo1VBfhwOZ+kn15+2SqxKI3GxxPSs8wXtmwIVzFKSo75pNAh1Td+FGx0KuvdWZl8xabV+dXIZkN/7Q4QwiNuddTqPzo6m1Gq3av3cAG064bfbsaEadJBp8a9XF0iBSUSQi04jp6zCqpBVkNdhqg+jdVsroaHWz64pA7osDfhsgTY3caUUs3fdY64uuJ4CZzILFpEf6WxzWhaTDOZUqKgW7MqYxwtwBhTbqAvTqfYDNcg5gn7V0epif3M1bTwrt12G60fBM3mftEpLaD0arB5QAgDOgJ+VGeDl/tavffupuOu3jjIzzJ/P+JRkI/15Egsw40O+/muKe7Y+iQmE61m8bseOzvtWxpWiOwqdi5xpVJIEofAVp9Eih1odUwlgLGRRJyxhs1tSgMiJduTanCKIcdLs8rZ2AcElkumM7WI0XRfy9kOiUpSdIS31+31va6eNsLA==
    HASURA_GRAPHQL_DATABASE_URL: >-
      AgB92zkrBf2fhgiEFVu8BoxPyfP/6BZdb/ROzIeQBOtO33ecQEV91jusVLyGgAEEXPv2BRLZs+aRfBO/NWwxxisckl8GYMywMoqQzixCaFZNIk9FNF6y23kvl4p6zlKzi/K99FwupJixpT2xeaxfKfpoAYFVce70zVD5E4PZwushKAAzJNUxsEHkWt9Pb8U/6omilToEcEbuyWlG6CGeF/feyLDXujA1LVshHhlvmmcpETzk+WvJ4uHZL8QnFuL1sTasSGu4JFVfxrDUj8uDvuzim/wRBvwGtVyJX/d0x++Bbqta5JwGTwlsUzdM6nyrooMWIc5rr7VvKeL1othb1x8zdayV73zFDwCONqwhq9RsAaQcCRV1w8eWZqCphHjLXDAQ25djRTXkGy2TW2AkhIKBFSCpQHTrOjlHnsaiMK3v/gKYeuA0RjLXP3I2beXIOt2hRFGqFoC4/B4Ncuz7hbhusrnRvT54O9SBMkDVU2X2XitioBvRIkfzspcfIIp7mUe0oM2csAUnvYLaWbB/YzDy6DRt3BCSSy+MoYWMq5jjPJJmAvE+f8qpoEoi301b3vGqGqzplk1EAbnb49QzfHO13IC2gsBEomxcVZsq+jpkFgSfLxcGDZIaZl0g0Xpqu5KkOtFvt9fzst7fFFYDzt9hUGTtkUttH3YivRlF5ff5VMshhsy4/Uuq6Pc84GVEyTxEtZOs2xiClFr/PhCGwmFnKhxWLJPgSDKyBGjjOi9ABM/F2gH5UBC5oNu08vWn9vFLCIv4vJT+5dq6GKWv4v2EMmv6fC1b6pZZEvcWaumMGSjEmZtJ1T/x6SEGjL7b5lKdEOaxFh38//uocGRfFM5h8sTKq58J0yS4XBNx2t1caD7yutPnfZA7juW78saN7Zt0f8YvPMbroTYvBpuerrCcjuMl4spDHtlwA/Gd0g==
    PGDATABASE: >-
      AgAw66Vwt+dV/b8mzeF45YLbJnKV9QyjFr6w9cv9o4/VgbciDwbCC4fp57RxDPeEvDF4FDWxOriO1Ayf6e+MGvdmJnghqpxJFxs3ZMUIprQbkVR8CUFmgcMFBj4ATT8Wn+cT7jiP/ygvVZfZvQBxYxwXzH5XvvNnICKw61uTvx5qow4WOsRSVc6fqLt2JJVow4XnKEzhqAtt2YN+oNJSfKQi4b2C+kgyV10fXnhZ+Gng4tsgnLAd3pwJyhrLQlwdiFeKTF1MdqPRWZQbA0QdAxXKepjsTdoIR3dX5oxdC0Ky0nPD68MgyrZh7Xesq6rJYKAJIRO9WptBABiWSRTYvu3ilTVEfX/UY3/figtYrI3X5JFcQzjkRZuksuXsLYX+d5vH/vAO4i1B4WctiJvDmPl6P+7LmWOvqJZJQm3an86vySwB5uWWEb4rBPeGbMJEQmylHpnamgS+4TU+REC18XCmTjifBTe/AtGyzZP83U3y5iCm4p0yHeDWYyxYJW76OTudCBf6KIO75i+BE+pG3pUHa3MTkv3w1fOq0py0bDMknjfkWf6Nw8yFfFZJP0M9WSY5SxJ793ZIultoriqH+S3QH01qf71uZgLtQLyvySRFnt0sOCQTjXuCZSgZXNKEEolnGp/prmwmGlD19J8QJ5CgV0teQRIultSGJdhoOJ1hiHnIe7TemAXUfZLUa/EZL/KG//l6/A==
    PGHOST: >-
      AgATF8DE/4h9ORmneX85U2Lb053pW6yqiW1+2AJkoJuqTrshWfASevt83LZE0/naKiqYZ2Ioq4fcNLkQ6I3EuZhwl6Ym/vcFZR+YR5hAjiYtlsq5ZHy1bJUD/eGDVEVj7si1PLuL3yse+EZfWTDGAMUIXBNzRGrIKV+0HHnCMODGZxtbbCozMCq9G/dhgKkykEE5w8PgPUqmEn3iLUbuJQvtWXadcYErLusXj/Z6wLQcPq11aXwu9p04iTDXFfN9PYEE45kBh6EmZ+RhQ1IkAwWr/Ukbvr4NV+f22ekcQSROe+U3RNT6chRR3cwNw4gnrW1PyaDNhj/6RuqfEzroabO1jszBKbOTdzaBLPdBICET0PjHeufW8hxRjqNHH0hu2cR36marY+/PPEib7YI8Cb0WD/0E0cMhnerDqNbvAhAhDqlOt59/JuTwh3tGIOxPWrZ462+N4Z3oLVObmQjZlerIlv56ykIX7yHsVAcNZ0BiDwh4B4davpM3lBbqjEQd20FGbHi7ANtpj9eXU9H36ywX7TyOgIAsoJGex+AlG97/cIWL7ZMgTtNcE0cge2dkNL+huG5GukbzaV/IdVV4FKiIbKxQKJRN0ZcchpnQ0nLua/5grXlZEv3K5C4IJe+6lqZCraftA6kd+4PBoPPhDHil9a0/IthoMmwRWhU0Kcb/u5cfqsM+tt/mnggE5uAZc2SpIhKLZPoAaESKWv5fjVIbW1t+bVXanHkMt98B7EhqzU4Z3YQVPOt1nEdn8VfP
    PGPASSWORD: >-
      AgA/Xh4Byq9KJz6bziV314Babwz6AaUm1b9Y3musUSsU5kTIExJstrJvErEUI4Zm2Lzlwmn9+AxGcQXDm9u0VlmNtb9mEPgbK9IbOw77n6C9W4pBz6bZ2c1V5o+ODFLUEn/3KVHXYKiaeVF+1zbnEsHozuBrFyzlEURFD/Cf3veLXvDIgCvWnzaQBB2Vr6QhctfTjdLqS0oY2O3LfKzdhfTOYXute3nZL24v4C2eqlvse4j7ol5PmSPbqTblxbUw2XhlFsVO9ppMTh9CfmoOeyTcHPxeNMYM8wuWBDA88NEn/eE9c52TVQHxcop4dmBGYyr4yw8J1uE0jl13rQGI0QUVL2Os0QuU8ywtNXpDUCJyaQuWiFVuZYYnW8fMP4yYYtEQV0V6/y+sEH0RlvwamZbwkz1WQjfFL19n4vpLFTK9rlyknAcmtANpaMF6klbWaswtzAwbCPwisx/B0v21n91I3ORda+iZ3E/B+k1FQ6QARIC1upOAec1ird1MK7WlVPgensWtcLVYtzdhteJfkdzxzdcrwZiX8bKaSis8YZorz/qys8D07gq3O44T6cF2S1aAbHInriTrNw4HBxaR4+3aBb8CF1ZFvn3HbHx0Cty0IsD1+LoaPIfE/m2lDmXNsg38JRAty9qMLO/OKLRrF7vYY22soK2v3xn/axMZdGIFi6CB5nYdjaYE3OC0in4pASltaupuaCqdvg5Fpu1Kns3pBoIYHBo81OuECOh1NML3G2RPwjI=
    PGRST_DB_URI: >-
      AgALAo7b2FC2ybSdDzIr4dWvhmnTgf6OxO/fWL7gvaQNi/OR+ol3tXxZ9T8UPRv8uZUug+KNwZ0MlQBOE3qmGLishae4nAeXLWbUJe3f5W2y0fgaPQDEylwGL+BogayGLygLinykLRSB8M5css+6RwuCijtqD6lJTo/3vmszoPaVT7LgUJ9lT70tRsi8LAfx5VNTho2LgqQu1UK3gmKoeJAz6pAE5vs2RuSqm9KJeUVHg2Y0nKKXd5rDb6d8zQfYhPE9GSgc/92hExN5h32HCxluXqeoSW2HFHYuZKenzL3jbkebvSFPOUJh/WDEk8ka+FfLmxk47584kwPxP/LycbyWyeWhsm65Vsd0d2x6KtEJbFrcoEc/xr7L/PZR1pc5Enr6ZwNwy1soSVoidX/TnjQel7tJIXcxYWlHjO6t2mDum+oxPrkGnyLji2+A0ktCZI1bGWpYSTOKdfmwUgiSluDM6AiuFgmtVnZNgmGwoVx0U8Qr00YqmhgLql3UC7+TZYcAg1iiKnkvh3F35g6GY+Ot4WpboQSut3AMPtawau3NcUyqvNOswhiDbMqTUdX1aUxgwImf64cZJBE+1pbp8IXzniUoRrNJseIIZEFzDytZnqD+uKJCd7vf4sy+Sqtn6tBVDDUJDobEAbJc+jH/EWEZMEvbCsufqFVK8N/Ybl7FIEBdQnPfp2dwAQLGbvwTnjQ/5poHDlXU1MKAKpWgcm+ba7Uli7EOm0c/V38wTfBGMhrOrPvgFCEePrXiOsqXWg+XVqBggj5z42DWmUCw5vDuTLXlSj7G1+ewfqIJt2PJgvY7A4G6Wjw+FtXm2LvbkF8EoJ+zl/zAHUV1prF5TO+4MBspKnFegoYjb0vMa1ZXVWkez/SSHFt1LwbtUmZSKBCWsEYsC0suJPsgUlx1C+R5fQ+4i2YHEwk54Qtdqg==
    PGSSLMODE: >-
      AgCUMXqXMUjF87Tixq0Y1Dzbct2YjXL5a05DqYj2ptQXUocollLUwYElFmj+uqaantgDQVBwIOAVmQjFDAtDLFJNsGMpnpIAK5o8D1gFerYAwDIOu/80SXxLtiTrOOsIDOUrJzrcNU70+/UzLBT99+ATe7jq3qNVxDolknKQyGinym896cvpN6vLdtXUDNHWigi3cwijSsByH7uPNMTmQO0RrMUipy2bkYe+kQMi6gNcNNwlBIQXiz4tsEJae9D6gYC3ZiQ8+tJuQZ5kZgqb+yzsT+uYdf+t/DPvsd+Pfo4N97lbEqE5pc+mX6Ekc5YPeaXuw5V+GctyjMKB/AJKfK/DYxV8ut1Ory4K7vDHgMCCZRe6b8ojdF6KNRBocZL2xXDZE1OVa5un5WMJlUg2xtSrkPt6j7jbnEYY3Fu0YaDaU+ODwrmEskPNfTLbibGQRSAvfvHDwx5rWNUAXpaO22Ym7bjTDAwmY7mRFlAA745NJIAzqEdGhnhWCQUN2/VPRgBHUmrWCKOKCfI/6LBSn3V3qNxoV1OeRuV9WKafHcR9Wkd9BGrHIjkRWgBfFYniXTb2R1Z30aezLFDlPq4yBg5IiRURmZ1bQx7xfaQogcRxzkqB/BiGuqYLx/59jJ+Zti0jQPlSlaW7uy6GogN+gYwHslIJT9pa0AGbBuPAmfawkoYhC645pSpu9i8uyxdWzwFB7XbXqIha
    PGUSER: >-
      AgBGZjX7qRAnzPawm5aGSC/OWaibLsqZRyAUkv9ytFDgbTKcosY2mZqFCPQ+lsFuLc1QJJgA/XbcbZR3Dw7O4IMtzOP54vMqcimbfhVTyc6ESzznMYjcaZ2pON2BAJuWEwRf4BTVh71C8+2pnGwUUiNG+LCb6Wuoo8EYG3FlEUB31yaHCGEHP9hX11V6KEQrZZhsTCP0/xUyamUuX6lwyipnrs1zIcTmQqbmzXUOGZEOwLl0NyCnuECAQdbngdUQS6RNEnwt0gmSjJOK7QK3pBQvKl1/mMjTHZzY/zfJlBKIzB0oWJpRiqcfcMXv5SEY8zX/WAZA4wtUBd31m6OfRAUR7dNXFS1rCZsgAapGCYEChwUEPT5k//87VqBtxSdZm6NA4MMR1c6I+krzvujnrlFDgrMeoojcSv+OXCoAnOejQZhDdtTtTmBwDYO+hcRta3ySc9m9mCMDOjCxQucvbHmjhv0LpJ5n0XA4og9fAXlItV+hea0MH22fnmpulFmJdezPQWF9Xs8DoAzrVeg0lcnyn/v6z7vakv4ueJZC0W746C2bawtDpwfNlFjjYwsMOl6FSxt6CZqBqGZvKbA/EZOKV/J4/y+hwV1unTBvjJSWddNLNiXXTv59ZjCq0Oc4P8tRtQZqLbLy/KwuSTNohDN5RZDQ6qDykw/f9fPWaGJdVKmI4x3TQdUb8UAqnP/DIYqSBYgUi+5L6UuoNjHffqUhs00QSecPBua04qmDd3LwprqudVd0j/rCSDrsR3uNHJlaNkzN
  template:
    metadata:
      annotations:
        app.github.com/job: '5678'
        app.github.com/ref: refs/tags/v1.2.3
        app.github.com/repo: socialgouv/tumeplay
        app.github.com/run: '1234'
        app.github.com/sha: '0123456'
      name: azure-pg-user
      labels:
        application: tumeplay
        owner: tumeplay
        team: tumeplay
    type: Opaque
"
`;
